---
source: crates/latteset-core/src/log_parser/scan.rs
expression: parse_log(log)
---
[
    LogMessage {
        kind: Error,
        message: "! LaTeX Error: Can be used only in preamble.\nl.1 \\documentclass\n",
        file: Some(
            "./chapters/intro.tex",
        ),
        line: Some(
            1,
        ),
        raw: "! LaTeX Error: Can be used only in preamble.",
    },
    LogMessage {
        kind: Error,
        message: "! LaTeX Error: Can be used only in preamble.\nl.5 \\usepackage{amsmath}\n",
        file: Some(
            "./chapters/intro.tex",
        ),
        line: Some(
            5,
        ),
        raw: "! LaTeX Error: Can be used only in preamble.",
    },
    LogMessage {
        kind: Error,
        message: "! TeX capacity exceeded, sorry [text input levels=15].\n<argument> ...efore}\\@@input \"chapters/intro.tex\"\nl.17 \\input{chapters/intro}",
        file: Some(
            "./chapters/intro.tex",
        ),
        line: Some(
            17,
        ),
        raw: "! TeX capacity exceeded, sorry [text input levels=15].",
    },
]
